[html.xpressbuddy.com/purefit/index.html]
[backblue.gif]
[fade.gif]
[index.html]
[html.xpressbuddy.com/purefit/assets/img/favicon.png]
[html.xpressbuddy.com/purefit/assets/css/fontawesome.css]
[html.xpressbuddy.com/purefit/assets/css/bootstrap.min.css]
[html.xpressbuddy.com/purefit/assets/css/animate.css]
[html.xpressbuddy.com/purefit/assets/css/swiper.min.css]
[html.xpressbuddy.com/purefit/assets/css/magnific-popup.css]
[html.xpressbuddy.com/purefit/assets/css/jquery-ui.min.css]
[html.xpressbuddy.com/purefit/assets/img/logo/preloader.png]
[html.xpressbuddy.com/purefit/assets/css/main.css]
[html.xpressbuddy.com/purefit/home-2.html]
[html.xpressbuddy.com/purefit/assets/img/logo/logo.svg]
[html.xpressbuddy.com/purefit/shop.html]
[html.xpressbuddy.com/purefit/shop-single.html]
[html.xpressbuddy.com/purefit/cart.html]
[html.xpressbuddy.com/purefit/blog.html]
[html.xpressbuddy.com/purefit/checkout.html]
[html.xpressbuddy.com/purefit/blog-single.html]
[html.xpressbuddy.com/purefit/assets/img/icon/bag.svg]
[html.xpressbuddy.com/purefit/assets/img/shop/product_02.png]
[html.xpressbuddy.com/purefit/shop-details.html]
[html.xpressbuddy.com/purefit/assets/img/shop/product_03.png]
[html.xpressbuddy.com/purefit/assets/img/logo/logo_black.svg]
[html.xpressbuddy.com/purefit/assets/img/icon/i_star.svg]
[html.xpressbuddy.com/purefit/assets/img/bg/hero_bg.jpg]
[html.xpressbuddy.com/purefit/assets/img/icon/call.svg]
[html.xpressbuddy.com/purefit/assets/img/shop/hero_product.png]
[html.xpressbuddy.com/purefit/assets/img/bg/hero_shape.png]
[html.xpressbuddy.com/purefit/assets/img/bg/pp_bg.png]
[html.xpressbuddy.com/purefit/assets/img/shop/product_17.png]
[html.xpressbuddy.com/purefit/assets/img/icon/star.png]
[html.xpressbuddy.com/purefit/assets/img/shop/product_04.png]
[html.xpressbuddy.com/purefit/assets/img/bg/pp_img.jpg]
[html.xpressbuddy.com/purefit/assets/img/icon/check.svg]
[html.xpressbuddy.com/purefit/assets/img/bg/feature_bg.jpg]
[html.xpressbuddy.com/purefit/assets/img/icon/ft_01.svg]
[html.xpressbuddy.com/purefit/assets/img/icon/ft_02.svg]
[html.xpressbuddy.com/purefit/assets/img/icon/ft_03.svg]
[html.xpressbuddy.com/purefit/assets/img/icon/ft_04.svg]
[html.xpressbuddy.com/purefit/assets/img/bg/shop_bg.jpg]
[html.xpressbuddy.com/purefit/assets/img/shop/product_05.png]
[html.xpressbuddy.com/purefit/assets/img/shop/product_10.png]
[html.xpressbuddy.com/purefit/assets/img/shop/product_11.png]
[html.xpressbuddy.com/purefit/assets/img/shop/product_12.png]
[html.xpressbuddy.com/purefit/assets/img/shop/product_13.png]
[html.xpressbuddy.com/purefit/assets/img/bg/tm_bg.jpg]
[html.xpressbuddy.com/purefit/assets/img/avatar/tst_01.png]
[html.xpressbuddy.com/purefit/assets/img/avatar/tst_02.png]
[html.xpressbuddy.com/purefit/assets/img/avatar/tst_03.png]
[html.xpressbuddy.com/purefit/assets/img/pricing/img_01.png]
[html.xpressbuddy.com/purefit/assets/img/shape/pricing_shape.png]
[html.xpressbuddy.com/purefit/assets/img/icon/p_check.svg]
[html.xpressbuddy.com/purefit/assets/img/icon/p_check_x.svg]
[html.xpressbuddy.com/purefit/assets/img/pricing/img_02.png]
[html.xpressbuddy.com/purefit/assets/img/shape/pricing_shape2.png]
[html.xpressbuddy.com/purefit/assets/img/icon/check_h.svg]
[html.xpressbuddy.com/purefit/assets/img/pricing/img_03.png]
[html.xpressbuddy.com/purefit/assets/img/bg/faq_bg.jpg]
[html.xpressbuddy.com/purefit/assets/img/brand/img_01.png]
[html.xpressbuddy.com/purefit/assets/img/brand/img_02.png]
[html.xpressbuddy.com/purefit/assets/img/brand/img_03.png]
[html.xpressbuddy.com/purefit/assets/img/brand/img_04.png]
[html.xpressbuddy.com/purefit/assets/img/brand/img_05.png]
[html.xpressbuddy.com/purefit/assets/img/brand/img_06.png]
[html.xpressbuddy.com/purefit/assets/img/bg/blog_bg.jpg]
[html.xpressbuddy.com/purefit/assets/img/blog/img_01.jpg]
[html.xpressbuddy.com/purefit/assets/img/icon/user.svg]
[html.xpressbuddy.com/purefit/assets/img/blog/img_02.jpg]
[html.xpressbuddy.com/purefit/assets/img/blog/img_03.jpg]
[html.xpressbuddy.com/purefit/assets/img/bg/footer_bg.png]
[html.xpressbuddy.com/purefit/assets/img/icon/directbox-notif.svg]
[html.xpressbuddy.com/purefit/assets/img/icon/c_user.svg]
[html.xpressbuddy.com/purefit/assets/img/icon/c_mail.svg]
[html.xpressbuddy.com/purefit/assets/img/icon/c_call.svg]
[html.xpressbuddy.com/purefit/assets/img/icon/c_message.svg]
[html.xpressbuddy.com/purefit/assets/img/icon/location.svg]
[html.xpressbuddy.com/purefit/assets/img/icon/sms-tracking.svg]
[html.xpressbuddy.com/purefit/assets/img/bg/cta_bg.jpg]
[html.xpressbuddy.com/purefit/assets/img/logo/f_logo.png]
[html.xpressbuddy.com/purefit/assets/js/bootstrap.bundle.min.js]
[html.xpressbuddy.com/purefit/assets/js/jquery-3.7.1.min.js]
[html.xpressbuddy.com/purefit/assets/js/wow.min.js]
[html.xpressbuddy.com/purefit/assets/js/jquery.magnific-popup.min.js]
[html.xpressbuddy.com/purefit/assets/js/touchspin.js]
[html.xpressbuddy.com/purefit/assets/js/swiper.min.js]
[html.xpressbuddy.com/purefit/assets/js/jquery.inview.min.js]
[html.xpressbuddy.com/purefit/assets/js/jquery.easing.js]
[html.xpressbuddy.com/purefit/assets/js/scrollspy.js]
[html.xpressbuddy.com/purefit/assets/js/main.js]
[html.xpressbuddy.com/purefit/index.html]
[html.xpressbuddy.com/purefit/assets/css/bootstrap.min.css]
[html.xpressbuddy.com/purefit/assets/js/jquery-ui.min.js]
[html.xpressbuddy.com/purefit/assets/fonts/fa-brands-400.ttf]
[html.xpressbuddy.com/purefit/assets/css/fontawesome.css]
[html.xpressbuddy.com/purefit/assets/css/animate.css]
[html.xpressbuddy.com/purefit/assets/css/swiper.min.css]
[html.xpressbuddy.com/purefit/assets/css/images/ui-icons_444444_256x240.5f.delayed]
[html.xpressbuddy.com/purefit/assets/css/images/ui-icons_555555_256x240.png]
[html.xpressbuddy.com/purefit/assets/css/images/ui-icons_ffffff_256x240.png]
[html.xpressbuddy.com/purefit/assets/css/images/ui-icons_777620_256x240.png]
[html.xpressbuddy.com/purefit/assets/css/images/ui-icons_cc0000_256x240.png]
[html.xpressbuddy.com/purefit/assets/css/images/ui-icons_777777_256x240.png]
[html.xpressbuddy.com/purefit/assets/css/jquery-ui.min.css]
[html.xpressbuddy.com/purefit/assets/css/magnific-popup.css]
[html.xpressbuddy.com/purefit/assets/img/icon/select-arrow.png]
[html.xpressbuddy.com/purefit/assets/img/icon/s_left.png]
[html.xpressbuddy.com/purefit/assets/img/icon/s_right.png]
[html.xpressbuddy.com/purefit/assets/img/icon/sms-tracking2.svg]
[html.xpressbuddy.com/purefit/assets/css/main.css]
[html.xpressbuddy.com/purefit/assets/img/logo/logo.svg]
[html.xpressbuddy.com/purefit/assets/img/logo/preloader2.png]
[html.xpressbuddy.com/purefit/assets/img/logo/logo2.svg]
[html.xpressbuddy.com/purefit/assets/img/icon/search.svg]
[html.xpressbuddy.com/purefit/assets/img/icon/star-2.svg]
[html.xpressbuddy.com/purefit/assets/img/shop/hero_product2.png]
[html.xpressbuddy.com/purefit/assets/fonts/fa-light-300.ttf]
[html.xpressbuddy.com/purefit/assets/img/shape/h_shape1.png]
[html.xpressbuddy.com/purefit/assets/fonts/fa-solid-900.ttf]
[html.xpressbuddy.com/purefit/assets/img/shape/h_shape2.png]
[html.xpressbuddy.com/purefit/assets/img/shape/h_shape3.png]
[html.xpressbuddy.com/purefit/assets/img/shape/h_shape4.png]
[html.xpressbuddy.com/purefit/assets/img/icon/feat_01.svg]
[html.xpressbuddy.com/purefit/assets/img/icon/feat_02.svg]
[html.xpressbuddy.com/purefit/assets/img/icon/feat_03.svg]
[html.xpressbuddy.com/purefit/assets/img/icon/feat_04.svg]
[html.xpressbuddy.com/purefit/assets/img/shop/abt_product.png]
[html.xpressbuddy.com/purefit/assets/img/shape/ab_shape1.png]
[html.xpressbuddy.com/purefit/assets/fonts/fa-regular-400.ttf]
[html.xpressbuddy.com/purefit/assets/img/shape/ab_shape2.png]
[html.xpressbuddy.com/purefit/assets/img/icon/check2.svg]
[html.xpressbuddy.com/purefit/assets/img/shop/product_06.png]
[html.xpressbuddy.com/purefit/assets/img/shop/product_07.png]
[html.xpressbuddy.com/purefit/assets/img/shop/product_08.png]
[html.xpressbuddy.com/purefit/assets/img/shop/product_09.png]
[html.xpressbuddy.com/purefit/assets/img/shape/shop_shape1.png]
[html.xpressbuddy.com/purefit/assets/img/shape/shop_shape2.png]
[html.xpressbuddy.com/purefit/assets/img/bg/why_us_bg.jpg]
[html.xpressbuddy.com/purefit/assets/img/icon/wus_01.svg]
[html.xpressbuddy.com/purefit/assets/img/icon/wus_02.svg]
[html.xpressbuddy.com/purefit/assets/img/icon/wus_03.svg]
[html.xpressbuddy.com/purefit/assets/img/icon/wus_04.svg]
[html.xpressbuddy.com/purefit/assets/img/avatar/tst_04.png]
[html.xpressbuddy.com/purefit/assets/img/icon/tst_rating.png]
[html.xpressbuddy.com/purefit/assets/img/avatar/tst_05.png]
[html.xpressbuddy.com/purefit/assets/img/avatar/tst_06.png]
[html.xpressbuddy.com/purefit/assets/img/shape/tst_shape.png]
[html.xpressbuddy.com/purefit/assets/img/shape/tst_shape2.png]
[html.xpressbuddy.com/purefit/assets/img/icon/prc_icon.svg]
[html.xpressbuddy.com/purefit/assets/img/icon/check3.svg]
[html.xpressbuddy.com/purefit/assets/img/icon/check_x.svg]
[html.xpressbuddy.com/purefit/assets/img/icon/prc_icon2.svg]
[html.xpressbuddy.com/purefit/assets/img/brand/brand_01.png]
[html.xpressbuddy.com/purefit/assets/img/brand/brand_02.png]
[html.xpressbuddy.com/purefit/assets/img/brand/brand_03.png]
[html.xpressbuddy.com/purefit/assets/img/brand/brand_04.png]
[html.xpressbuddy.com/purefit/assets/img/brand/brand_05.png]
[html.xpressbuddy.com/purefit/assets/img/brand/brand_06.png]
[html.xpressbuddy.com/purefit/assets/img/brand/brand_07.png]
[html.xpressbuddy.com/purefit/assets/img/blog/img_04.png]
[html.xpressbuddy.com/purefit/assets/img/blog/img_05.png]
[html.xpressbuddy.com/purefit/assets/img/blog/img_06.png]
[html.xpressbuddy.com/purefit/assets/img/instagram/img_01.jpg]
[html.xpressbuddy.com/purefit/assets/img/instagram/img_02.jpg]
[html.xpressbuddy.com/purefit/assets/img/instagram/img_03.jpg]
[html.xpressbuddy.com/purefit/assets/img/instagram/img_04.jpg]
[html.xpressbuddy.com/purefit/assets/img/bg/footer_bg2.jpg]
[html.xpressbuddy.com/purefit/home-2.html]
[html.xpressbuddy.com/purefit/assets/img/bg/page_title.png]
[html.xpressbuddy.com/purefit/assets/img/shop/product_14.png]
[html.xpressbuddy.com/purefit/assets/img/shop/product_15.png]
[html.xpressbuddy.com/purefit/assets/img/shop/product_16.png]
[html.xpressbuddy.com/purefit/assets/img/shop/prd_01.jpg]
[html.xpressbuddy.com/purefit/assets/img/shop/prd_02.jpg]
[html.xpressbuddy.com/purefit/assets/img/shop/prd_03.jpg]
[html.xpressbuddy.com/purefit/assets/img/shop/prd_04.jpg]
[html.xpressbuddy.com/purefit/shop.html]
[html.xpressbuddy.com/purefit/assets/img/shop/product-single1.jpg]
[html.xpressbuddy.com/purefit/assets/img/shop/product-single2.jpg]
[html.xpressbuddy.com/purefit/assets/img/shop/product-single3.jpg]
[html.xpressbuddy.com/purefit/assets/img/shop/product-single4.jpg]
[html.xpressbuddy.com/purefit/assets/img/avatar/shop_avatar1.jpg]
[html.xpressbuddy.com/purefit/assets/img/avatar/shop_avatar2.jpg]
[html.xpressbuddy.com/purefit/assets/img/avatar/shop_avatar3.jpg]
[html.xpressbuddy.com/purefit/shop-single.html]
[html.xpressbuddy.com/purefit/cart.html]
[html.xpressbuddy.com/purefit/assets/img/icon/paypal.png]
[html.xpressbuddy.com/purefit/checkout.html]
[html.xpressbuddy.com/purefit/assets/img/blog/post_01.jpg]
[html.xpressbuddy.com/purefit/assets/img/blog/post_02.jpg]
[html.xpressbuddy.com/purefit/assets/img/blog/post_03.jpg]
[html.xpressbuddy.com/purefit/assets/img/blog/post_04.jpg]
[html.xpressbuddy.com/purefit/blog.html]
[html.xpressbuddy.com/purefit/assets/img/icon/b-quote.png]
[html.xpressbuddy.com/purefit/assets/img/blog/post_05.jpg]
[html.xpressbuddy.com/purefit/assets/img/icon/check4.svg]
[html.xpressbuddy.com/purefit/assets/img/avatar/comment1.png]
[html.xpressbuddy.com/purefit/assets/img/avatar/comment2.png]
[html.xpressbuddy.com/purefit/assets/img/avatar/comment3.png]
[html.xpressbuddy.com/purefit/blog-single.html]
[html.xpressbuddy.com/purefit/assets/img/icon/bag.svg]
[html.xpressbuddy.com/purefit/shop-details.html]
[html.xpressbuddy.com/purefit/assets/img/logo/logo_black.svg]
[html.xpressbuddy.com/purefit/assets/img/icon/i_star.svg]
[html.xpressbuddy.com/purefit/assets/img/icon/call.svg]
[html.xpressbuddy.com/purefit/assets/img/icon/check.svg]
[html.xpressbuddy.com/purefit/assets/img/icon/ft_01.svg]
[html.xpressbuddy.com/purefit/assets/img/icon/ft_02.svg]
[html.xpressbuddy.com/purefit/assets/img/icon/ft_03.svg]
[html.xpressbuddy.com/purefit/assets/img/icon/ft_04.svg]
[html.xpressbuddy.com/purefit/assets/img/icon/quote.svg]
[html.xpressbuddy.com/purefit/assets/img/icon/p_check.svg]
[html.xpressbuddy.com/purefit/assets/img/icon/p_check_x.svg]
[html.xpressbuddy.com/purefit/assets/img/icon/check_h.svg]
[html.xpressbuddy.com/purefit/assets/img/icon/user.svg]
[html.xpressbuddy.com/purefit/assets/img/icon/directbox-notif.svg]
[html.xpressbuddy.com/purefit/assets/img/icon/c_user.svg]
[html.xpressbuddy.com/purefit/assets/img/icon/c_mail.svg]
[html.xpressbuddy.com/purefit/assets/img/icon/c_call.svg]
[html.xpressbuddy.com/purefit/assets/img/icon/c_message.svg]
[html.xpressbuddy.com/purefit/assets/img/icon/location.svg]
[html.xpressbuddy.com/purefit/assets/img/icon/sms-tracking.svg]
[html.xpressbuddy.com/purefit/assets/js/jquery-3.7.1.min.js]
[html.xpressbuddy.com/purefit/assets/js/bootstrap.bundle.min.js]
[html.xpressbuddy.com/purefit/e]
[html.xpressbuddy.com/purefit/a.params.url]
[html.xpressbuddy.com/purefit/assets/js/swiper.min.js]
[html.xpressbuddy.com/purefit/assets/js/wow.min.js]
[html.xpressbuddy.com/purefit/assets/js/jquery.magnific-popup.min.js]
[html.xpressbuddy.com/purefit/assets/js/touchspin.js]
[html.xpressbuddy.com/purefit/assets/js/jquery-ui.min.js]
[html.xpressbuddy.com/purefit/assets/js/jquery.inview.min.js]
[html.xpressbuddy.com/purefit/assets/js/jquery.easing.js]
[html.xpressbuddy.com/purefit/assets/js/scrollspy.js]
[html.xpressbuddy.com/purefit/assets/js/main.js]
[html.xpressbuddy.com/purefit/assets/css/images/ui-icons_444444_256x240.html]
[html.xpressbuddy.com/purefit/assets/css/images/ui-icons_555555_256x240.html]
[html.xpressbuddy.com/purefit/assets/css/images/ui-icons_ffffff_256x240.html]
[html.xpressbuddy.com/purefit/assets/css/images/ui-icons_777620_256x240.html]
[html.xpressbuddy.com/purefit/assets/css/images/ui-icons_cc0000_256x240.html]
[html.xpressbuddy.com/purefit/assets/css/images/ui-icons_777777_256x240.html]
[html.xpressbuddy.com/purefit/assets/img/icon/sms-tracking2.svg]
[html.xpressbuddy.com/purefit/assets/img/logo/logo2.svg]
[html.xpressbuddy.com/purefit/assets/img/icon/search.svg]
[html.xpressbuddy.com/purefit/assets/img/icon/star-2.svg]
[html.xpressbuddy.com/purefit/assets/img/icon/feat_01.svg]
[html.xpressbuddy.com/purefit/assets/img/icon/feat_02.svg]
[html.xpressbuddy.com/purefit/assets/img/icon/feat_03.svg]
[html.xpressbuddy.com/purefit/assets/img/icon/feat_04.svg]
[html.xpressbuddy.com/purefit/assets/img/icon/check2.svg]
[html.xpressbuddy.com/purefit/assets/img/icon/wus_01.svg]
[html.xpressbuddy.com/purefit/assets/img/icon/wus_02.svg]
[html.xpressbuddy.com/purefit/assets/img/icon/wus_03.svg]
[html.xpressbuddy.com/purefit/assets/img/icon/wus_04.svg]
[html.xpressbuddy.com/purefit/assets/img/icon/prc_icon.svg]
[html.xpressbuddy.com/purefit/assets/img/icon/check3.svg]
[html.xpressbuddy.com/purefit/assets/img/icon/check_x.svg]
[html.xpressbuddy.com/purefit/assets/img/icon/prc_icon2.svg]
[html.xpressbuddy.com/purefit/assets/img/icon/check4.svg]
[html.xpressbuddy.com/purefit/e.html]
[html.xpressbuddy.com/purefit/a.params.html]
